###############################################################################
#
# IAR ELF Linker V7.40.3.8902/W32 for ARM                 07/Dec/2020  15:23:59
# Copyright 2007-2015 IAR Systems AB.
#
#    Output file  =  
#        E:\NUS\Projects\Ubertooth
#        One\Software\IAR-Ubertooth\Debug\Exe\ubertooth.out.tmp
#    Map file     =  
#        E:\NUS\Projects\Ubertooth
#        One\Software\IAR-Ubertooth\Debug\List\ubertooth.map
#    Command line =  
#        "E:\NUS\Projects\Ubertooth
#        One\Software\IAR-Ubertooth\Debug\Obj\bluetooth.o"
#        "E:\NUS\Projects\Ubertooth
#        One\Software\IAR-Ubertooth\Debug\Obj\bluetooth_le.o"
#        "E:\NUS\Projects\Ubertooth
#        One\Software\IAR-Ubertooth\Debug\Obj\bluetooth_rxtx.o"
#        "E:\NUS\Projects\Ubertooth
#        One\Software\IAR-Ubertooth\Debug\Obj\cc2400_rangetest.o"
#        "E:\NUS\Projects\Ubertooth
#        One\Software\IAR-Ubertooth\Debug\Obj\dm3-tx.o"
#        "E:\NUS\Projects\Ubertooth One\Software\IAR-Ubertooth\Debug\Obj\ego.o"
#        "E:\NUS\Projects\Ubertooth
#        One\Software\IAR-Ubertooth\Debug\Obj\lpc17_startup.o"
#        "E:\NUS\Projects\Ubertooth
#        One\Software\IAR-Ubertooth\Debug\Obj\lpc17_system.o"
#        "E:\NUS\Projects\Ubertooth
#        One\Software\IAR-Ubertooth\Debug\Obj\serial_fifo.o"
#        "E:\NUS\Projects\Ubertooth
#        One\Software\IAR-Ubertooth\Debug\Obj\syncword.o"
#        "E:\NUS\Projects\Ubertooth
#        One\Software\IAR-Ubertooth\Debug\Obj\ubertooth.o"
#        "E:\NUS\Projects\Ubertooth
#        One\Software\IAR-Ubertooth\Debug\Obj\ubertooth_clock.o"
#        "E:\NUS\Projects\Ubertooth
#        One\Software\IAR-Ubertooth\Debug\Obj\ubertooth_cs.o"
#        "E:\NUS\Projects\Ubertooth
#        One\Software\IAR-Ubertooth\Debug\Obj\ubertooth_dma.o"
#        "E:\NUS\Projects\Ubertooth
#        One\Software\IAR-Ubertooth\Debug\Obj\ubertooth_rssi.o"
#        "E:\NUS\Projects\Ubertooth
#        One\Software\IAR-Ubertooth\Debug\Obj\ubertooth_usb.o"
#        "E:\NUS\Projects\Ubertooth
#        One\Software\IAR-Ubertooth\Debug\Obj\usb_serial.o"
#        "E:\NUS\Projects\Ubertooth
#        One\Software\IAR-Ubertooth\Debug\Obj\usbcontrol.o"
#        "E:\NUS\Projects\Ubertooth
#        One\Software\IAR-Ubertooth\Debug\Obj\usbhw_lpc.o"
#        "E:\NUS\Projects\Ubertooth
#        One\Software\IAR-Ubertooth\Debug\Obj\usbinit.o"
#        "E:\NUS\Projects\Ubertooth
#        One\Software\IAR-Ubertooth\Debug\Obj\usbstdreq.o" -o
#        "E:\NUS\Projects\Ubertooth
#        One\Software\IAR-Ubertooth\Debug\Exe\ubertooth.out.tmp" --map
#        "E:\NUS\Projects\Ubertooth
#        One\Software\IAR-Ubertooth\Debug\List\ubertooth.map" --log
#        sections,unused_fragments --log_file "E:\NUS\Projects\Ubertooth
#        One\Software\IAR-Ubertooth\Debug\List\ubertooth.log" --config
#        "E:\NUS\Projects\Ubertooth
#        One\Software\IAR-Ubertooth\src\linker-file\ubertooth-flash.icf"
#        --remarks --log sections --semihosting --entry __iar_program_start
#        --inline --vfe
#
###############################################################################

*******************************************************************************
*** RUNTIME MODEL ATTRIBUTES
***

CppFlavor       = *
__SystemLibrary = DLib


*******************************************************************************
*** PLACEMENT SUMMARY
***

"A1":  place at 0x00000000 { section .intvec };
"P1":  place in [from 0x00004000 to 0x0003ffff] { ro };
"P2":  place in [from 0x10000000 to 0x10003fdf] { rw, block STACKHEAP };
"P3":  place in [from 0x000002fc to 0x000002ff] { section .crp };
"A3":  place at 0x0003fc00 { block BOOTLOADER };

  Section            Kind        Address    Size  Object
  -------            ----        -------    ----  ------
"A1":                                       0xcc
  .intvec                     0x00000000    0xcc  <Block>
    .intvec          ro code  0x00000000    0xcc  lpc17_startup.o [1]
                            - 0x000000cc    0xcc

"P3":                                        0x4
  .crp               ro code  0x000002fc     0x4  lpc17_startup.o [1]
                            - 0x00000300     0x4

"P1":                                     0x5f86
  .text              ro code  0x00004000  0x30fc  bluetooth_rxtx.o [1]
  .text              ro code  0x000070fc   0x978  ubertooth.o [1]
  .text              ro code  0x00007a74    0xc8  ubertooth_cs.o [1]
  .text              ro code  0x00007b3c    0x36  strlen.o [4]
  .text              ro code  0x00007b74    0x76  ABImemcpy_unaligned.o [4]
  .text              ro code  0x00007bec    0x22  I64Shl.o [4]
  .text              ro code  0x00007c10   0x30c  bluetooth.o [1]
  .text              ro code  0x00007f1c     0x6  ABImemclr.o [4]
  .text              ro code  0x00007f24   0x1f8  ubertooth_usb.o [1]
  .text              ro code  0x0000811c    0x68  ubertooth_clock.o [1]
  .text              ro code  0x00008184   0x280  ubertooth_dma.o [1]
  .text              ro code  0x00008404    0xd8  ubertooth_rssi.o [1]
  .text              ro code  0x000084dc   0x178  bluetooth_le.o [1]
  .text              ro code  0x00008654    0x62  memcmp_unaligned.o [4]
  .text              ro code  0x000086b8     0x6  ABImemclr4.o [4]
  .text              ro code  0x000086c0   0x448  cc2400_rangetest.o [1]
  .text              ro code  0x00008b08    0x24  printf.o [3]
  .text              ro code  0x00008b2c    0x5e  ABImemset.o [4]
  .text              ro code  0x00008b8c    0x50  usbinit.o [1]
  .text              ro code  0x00008bdc   0x2a0  usbstdreq.o [1]
  .text              ro code  0x00008e7c   0x14c  usbcontrol.o [1]
  .text              ro code  0x00008fc8   0x4dc  usbhw_lpc.o [1]
  .text              ro code  0x000094a4    0x32  ABImemset48.o [4]
  .text              ro code  0x000094d6   0x14e  xprintftiny.o [3]
  .text              ro code  0x00009624    0xd2  rle_init.o [4]
  .text              ro code  0x000096f6     0x6  abort.o [3]
  .text              ro code  0x000096fc    0x14  exit.o [5]
  .text              ro code  0x00009710    0x6c  iarttio.o [5]
  .text              ro code  0x0000977c     0x8  XShttio.o [3]
  .text              ro code  0x00009784    0xae  lpc17_startup.o [1]
  .text              ro code  0x00009832    0x40  zero_init3.o [4]
  .text              ro code  0x00009872    0x28  putchar.o [3]
  .text              ro code  0x0000989a    0x10  write.o [5]
  .text              ro code  0x000098aa    0x1e  dwrite.o [5]
  .text              ro code  0x000098c8    0x20  iarwstd.o [5]
  .text              ro code  0x000098e8    0x22  iarwrite.o [5]
  .text              ro code  0x0000990c    0x28  data_init.o [4]
  .iar.init_table    const    0x00009934    0x2c  - Linker created -
  .text              ro code  0x00009960    0x1a  cmain.o [4]
  .text              ro code  0x0000997a     0x4  exit.o [3]
  .text              ro code  0x00009980     0xa  cexit.o [4]
  .text              ro code  0x0000998a    0x16  xprout.o [3]
  .text              ro code  0x000099a0    0x10  lpc17_system.o [1]
  .text              ro code  0x000099b0     0xc  cstartup_M.o [4]
  .rodata            const    0x000099bc     0x4  ubertooth.o [1]
  .text              ro code  0x000099c0     0x4  usb_serial.o [1]
  .rodata            const    0x000099c4     0x0  zero_init3.o [4]
  .rodata            const    0x000099c4     0x0  rle_init.o [4]
  Initializer bytes  const    0x000099c4   0x5c2  <for P2 s0> (used: 0x5c0)
                            - 0x00009f86  0x5f86

Absolute sections:                           0x4
  .noinit            uninit   0x0000ff1c     0x4  bluetooth_rxtx.o [1]
                            - 0x0000ff20     0x4

"A3":                                     0x4000
  BOOTLOADER                  0x0003fc00  0x4000  <Block>
    BOOTLOADER       uninit   0x0003fc00  0x4000  <Block tail>
                            - 0x00043c00  0x4000

"P2":                                     0x36d0
  P2 s0                       0x10000000   0xb60  <Init block>
    .data            inited   0x10000000   0x4ac  bluetooth_rxtx.o [1]
    .data            inited   0x100004ac   0x400  bluetooth_le.o [1]
    .data            inited   0x100008ac   0x1fc  ubertooth_usb.o [1]
    .data            inited   0x10000aa8    0xb0  usbstdreq.o [1]
    .data            inited   0x10000b58     0x8  XShttio.o [3]
  .bss               zero     0x10000b60  0x200c  ubertooth_usb.o [1]
  .bss               zero     0x10002b6c   0x148  ubertooth_dma.o [1]
  .bss               zero     0x10002cb4    0x34  usbcontrol.o [1]
  .bss               zero     0x10002ce8    0xcc  bluetooth.o [1]
  .bss               zero     0x10002db4    0xa4  ubertooth_rssi.o [1]
  .bss               zero     0x10002e58    0x48  usbhw_lpc.o [1]
  .bss               zero     0x10002ea0    0x10  ubertooth_clock.o [1]
  .bss               zero     0x10002eb0     0x8  cc2400_rangetest.o [1]
  .bss               zero     0x10002eb8     0x8  usbinit.o [1]
  .bss               zero     0x10002ec0     0x4  ubertooth.o [1]
  .bss               zero     0x10002ec4     0x4  ubertooth_cs.o [1]
  .bss               zero     0x10002ec8     0x4  usbstdreq.o [1]
  .bss               zero     0x10002ecc     0x1  ubertooth_cs.o [1]
  .bss               zero     0x10002ecd     0x1  ubertooth_cs.o [1]
  .bss               zero     0x10002ece     0x1  ubertooth_cs.o [1]
  STACKHEAP                   0x10002ed0   0x800  <Block>
    CSTACK                    0x10002ed0   0x800  <Block>
      CSTACK         uninit   0x10002ed0   0x800  <Block tail>
                            - 0x100036d0  0x36d0


*******************************************************************************
*** INIT TABLE
***

          Address     Size
          -------     ----
Zero (__iar_zero_init3)
    1 destination range, total size 0x236f:
          0x10000b60  0x236f

Copy/zeros (__iar_rle_init3)
    1 source range, total size 0x5c2 (50% of destination):
          0x000099c4   0x5c2
    1 destination range, total size 0xb60:
          0x10000000   0xb60



*******************************************************************************
*** MODULE SUMMARY
***

    Module                 ro code  ro data  rw data  rw data
                                                       (abs)
    ------                 -------  -------  -------  -------
E:\NUS\Projects\Ubertooth One\Software\IAR-Ubertooth\Debug\Obj: [1]
    bluetooth.o                780               204
    bluetooth_le.o             376      518    1 024
    bluetooth_rxtx.o        12 540      604    1 196        4
    cc2400_rangetest.o       1 096                 8
    lpc17_startup.o            382
    lpc17_system.o              16
    ubertooth.o              2 424        4        4
    ubertooth_clock.o          104                16
    ubertooth_cs.o             200                 7
    ubertooth_dma.o            640               328
    ubertooth_rssi.o           216               164
    ubertooth_usb.o            504      256    8 712
    usb_serial.o                 4
    usbcontrol.o               332                52
    usbhw_lpc.o              1 244                72
    usbinit.o                   80                 8
    usbstdreq.o                672       89      180
    ---------------------------------------------------------
    Total:                  21 610    1 471   11 975        4

command line: [2]
    ---------------------------------------------------------
    Total:

dl7M_tln.a: [3]
    XShttio.o                    8        5        8
    abort.o                      6
    exit.o                       4
    printf.o                    36
    putchar.o                   40
    xprintftiny.o              334
    xprout.o                    22
    ---------------------------------------------------------
    Total:                     450        5        8

rt7M_tl.a: [4]
    ABImemclr.o                  6
    ABImemclr4.o                 6
    ABImemcpy_unaligned.o      118
    ABImemset.o                 94
    ABImemset48.o               50
    I64Shl.o                    34
    cexit.o                     10
    cmain.o                     26
    cstartup_M.o                12
    data_init.o                 40
    memcmp_unaligned.o          98
    rle_init.o                 210
    strlen.o                    54
    zero_init3.o                64
    ---------------------------------------------------------
    Total:                     822

shb_l.a: [5]
    dwrite.o                    30
    exit.o                      20
    iarttio.o                  108
    iarwrite.o                  34
    iarwstd.o                   32
    write.o                     16
    ---------------------------------------------------------
    Total:                     240

    Gaps                        18
    Linker created                       46   18 432
-------------------------------------------------------------
    Grand Total:            23 140    1 522   30 415        4


*******************************************************************************
*** ENTRY LIST
***

Entry                      Address    Size  Type      Object
-----                      -------    ----  ----      ------
.iar.init_table$$Base   0x00009934           --   Gb  - Linker created -
.iar.init_table$$Limit  0x00009960           --   Gb  - Linker created -
.intvec$$Base           0x00000000           --   Gb  - Linker created -
.intvec$$Limit          0x000000cc           --   Gb  - Linker created -
?main                   0x00009961          Code  Gb  cmain.o [4]
BOOTLOADER$$Base        0x0003fc00           --   Gb  - Linker created -
BOOTLOADER$$Limit       0x00043c00           --   Gb  - Linker created -
CLK100NS                0x00008139    0x14  Code  Gb  ubertooth_clock.o [1]
CSTACK$$Base            0x10002ed0           --   Gb  - Linker created -
CSTACK$$Limit           0x100036d0           --   Gb  - Linker created -
DMA_IRQHandler          0x0000485b    0xa2  Code  Gb  bluetooth_rxtx.o [1]
EINT3_IRQHandler        0x0000482d    0x2e  Code  Gb  bluetooth_rxtx.o [1]
HandleStdDeviceReq      0x00008cd5    0xb8  Code  Lc  usbstdreq.o [1]
HandleUsbReset          0x00008b8d     0x2  Code  Lc  usbinit.o [1]
InStream_Read           0x00009625    0x22  Code  Lc  rle_init.o [4]
Region$$Table$$Base     0x00009934           --   Gb  - Linker created -
Region$$Table$$Limit    0x00009960           --   Gb  - Linker created -
STACKHEAP$$Base         0x10002ed0           --   Gb  - Linker created -
STACKHEAP$$Limit        0x100036d0           --   Gb  - Linker created -
Setup                   0x10002cb4     0x8  Data  Lc  usbcontrol.o [1]
SystemInit              0x000099a1     0x8  Code  Gb  lpc17_system.o [1]
TIMER0_IRQHandler       0x00004735    0xf8  Code  Gb  bluetooth_rxtx.o [1]
USBFilterOsVendorMessage
                        0x00008bdd    0x68  Code  Gb  usbstdreq.o [1]
USBGetDescriptor        0x00008c7d    0x58  Code  Gb  usbstdreq.o [1]
USBHandleControlTransfer
                        0x00008ec5    0xf2  Code  Gb  usbcontrol.o [1]
USBHandleStandardRequest
                        0x00008d8d    0xc0  Code  Gb  usbstdreq.o [1]
USBHwConfigDevice       0x0000928d    0x2a  Code  Gb  usbhw_lpc.o [1]
USBHwConnect            0x00009093    0x30  Code  Gb  usbhw_lpc.o [1]
USBHwEPConfig           0x00008fc9    0x54  Code  Gb  usbhw_lpc.o [1]
USBHwEPGetStatus        0x000090c3    0x3a  Code  Gb  usbhw_lpc.o [1]
USBHwEPRead             0x000091d5    0xb6  Code  Gb  usbhw_lpc.o [1]
USBHwEPStall            0x000090fd    0x42  Code  Gb  usbhw_lpc.o [1]
USBHwEPWrite            0x0000913f    0x92  Code  Gb  usbhw_lpc.o [1]
USBHwISR                0x000092b7   0x10e  Code  Gb  usbhw_lpc.o [1]
USBHwInit               0x000093c5    0xa2  Code  Gb  usbhw_lpc.o [1]
USBHwRegisterDevIntHandler
                        0x00009051    0x14  Code  Gb  usbhw_lpc.o [1]
USBHwRegisterEPIntHandler
                        0x0000901d    0x34  Code  Gb  usbhw_lpc.o [1]
USBHwSetAddress         0x00009065    0x2e  Code  Gb  usbhw_lpc.o [1]
USBInit                 0x00008b8f    0x3c  Code  Gb  usbinit.o [1]
USBRegisterDescriptors  0x00008c77     0x6  Code  Gb  usbstdreq.o [1]
USBRegisterRequestHandler
                        0x00008fb7     0xc  Code  Gb  usbcontrol.o [1]
USBRegisterWinusbInterface
                        0x00008c45    0x32  Code  Gb  usbstdreq.o [1]
USB_IRQHandler          0x000099c1     0x4  Code  Gb  usb_serial.o [1]
_HandleRequest          0x00008e7d    0x48  Code  Lc  usbcontrol.o [1]
_PrintfTiny             0x000094ef   0x136  Code  Gb  xprintftiny.o [3]
_Prout                  0x0000998b    0x16  Code  Gb  xprout.o [3]
__Vectors               0x00000000           --   Gb  lpc17_startup.o [1]
__Vectors_End           0x000000cc          Data  Gb  lpc17_startup.o [1]
__Vectors_Size {Abs}    0x000000cc           --   Gb  lpc17_startup.o [1]
__aeabi_llsl            0x00007bed          Code  Gb  I64Shl.o [4]
__aeabi_memclr          0x00007f1d          Code  Gb  ABImemclr.o [4]
__aeabi_memclr4         0x000086b9          Code  Gb  ABImemclr4.o [4]
__cmain                 0x00009961          Code  Gb  cmain.o [4]
__dwrite                0x000098ab    0x1e  Code  Gb  dwrite.o [5]
__exit                  0x000096fd    0x14  Code  Gb  exit.o [5]
__iar_Memset4_word      0x000094a5          Code  Gb  ABImemset48.o [4]
__iar_Memset8_word      0x000094a5          Code  Gb  ABImemset48.o [4]
__iar_Memset_word       0x00008b2d          Code  Gb  ABImemset.o [4]
__iar_close_ttio        0x00009711    0x2e  Code  Gb  iarttio.o [5]
__iar_data_init3        0x0000990d    0x28  Code  Gb  data_init.o [4]
__iar_get_ttio          0x00009741    0x38  Code  Gb  iarttio.o [5]
__iar_lookup_ttioh      0x0000977d     0x8  Code  Gb  XShttio.o [3]
__iar_program_start     0x000099b1          Code  Gb  cstartup_M.o [4]
__iar_rle_init3         0x00009647    0xb0  Code  Gb  rle_init.o [4]
__iar_sh_stdout         0x000098c9    0x20  Code  Gb  iarwstd.o [5]
__iar_sh_write          0x000098e9    0x22  Code  Gb  iarwrite.o [5]
__iar_ttio_handles      0x10000b58     0x8  Data  Lc  XShttio.o [3]
__iar_unaligned___aeabi_memcpy
                        0x00007b75          Code  Gb  ABImemcpy_unaligned.o [4]
__iar_unaligned___aeabi_memcpy4
                        0x00007b95          Code  Gb  ABImemcpy_unaligned.o [4]
__iar_unaligned___aeabi_memcpy8
                        0x00007b95          Code  Gb  ABImemcpy_unaligned.o [4]
__iar_unaligned_memcmp  0x00008655          Code  Gb  memcmp_unaligned.o [4]
__iar_zero_init3        0x00009833    0x40  Code  Gb  zero_init3.o [4]
__vector_table          0x00000000          Data  Gb  lpc17_startup.o [1]
__vector_table_0x1c     0x0000001c          Data  Gb  lpc17_startup.o [1]
__write                 0x0000989b    0x10  Code  Gb  write.o [5]
_apfnEPIntHandlers      0x10002e5c    0x40  Data  Lc  usbhw_lpc.o [1]
_call_main              0x0000996d          Code  Gb  cmain.o [4]
_exit                   0x00009981          Code  Gb  cexit.o [4]
_main                   0x00009977          Code  Gb  cmain.o [4]
_pfnDevIntHandler       0x10002e58     0x4  Data  Lc  usbhw_lpc.o [1]
_pfnFrameHandler        0x10002e9c     0x4  Data  Lc  usbhw_lpc.o [1]
a1                      0x10002d00     0x1  Data  Gb  bluetooth.o [1]
abDescriptors           0x100008b0    0xf4  Data  Lc  ubertooth_usb.o [1]
abExtendedOsFeatureDescriptor
                        0x00008e54    0x28  Data  Lc  usbstdreq.o [1]
abExtendedPropertiesFeatureDescriptor
                        0x10000ac4    0x94  Data  Lc  usbstdreq.o [1]
abOsStringDescriptor    0x10000aa8    0x14  Data  Lc  usbstdreq.o [1]
abStdReqData            0x10002eb8     0x8  Data  Lc  usbinit.o [1]
abVendorReqData         0x100009a4   0x104  Data  Gb  ubertooth_usb.o [1]
abort                   0x000096f7     0x6  Code  Gb  abort.o [3]
active_rxbuf            0x10002c3c     0x4  Data  Gb  ubertooth_dma.o [1]
afh_bank                0x10002d58    0x50  Data  Gb  bluetooth.o [1]
afh_enabled             0x10002d04     0x1  Data  Gb  bluetooth.o [1]
afh_map                 0x10002da8     0xc  Data  Gb  bluetooth.o [1]
all_pins_off            0x00007189    0x44  Code  Gb  ubertooth.o [1]
apbDataStore            0x10002cd8    0x10  Data  Lc  usbcontrol.o [1]
apfnReqHandlers         0x10002cc8    0x10  Data  Lc  usbcontrol.o [1]
b                       0x10002d01     0x1  Data  Gb  bluetooth.o [1]
bConfiguration          0x10000abc     0x1  Data  Lc  usbstdreq.o [1]
bMsVendorIndex          0x10000abd     0x1  Data  Lc  usbstdreq.o [1]
bank                    0x10002d08    0x50  Data  Gb  bluetooth.o [1]
bootloader_ctrl         0x0000ff1c     0x4  Data  Gb  bluetooth_rxtx.o [1]
bt_generic_le           0x00004f0d   0x202  Code  Gb  bluetooth_rxtx.o [1]
bt_le_sync              0x00005145   0x4bc  Code  Gb  bluetooth_rxtx.o [1]
bt_slave_le             0x00006905   0x276  Code  Gb  bluetooth_rxtx.o [1]
bt_stream_rx            0x00004ccd   0x1b4  Code  Gb  bluetooth_rxtx.o [1]
btle_calc_crc           0x00008545    0x36  Code  Gb  bluetooth_le.o [1]
btle_channel_index      0x00008523    0x22  Code  Gb  bluetooth_le.o [1]
btle_crc_lut            0x100004ac   0x400  Data  Gb  bluetooth_le.o [1]
btle_crcgen_lut         0x000085d5    0x74  Code  Gb  bluetooth_le.o [1]
btle_next_hop           0x000084dd    0x46  Code  Gb  bluetooth_le.o [1]
btle_reverse_crc        0x0000857d    0x58  Code  Gb  bluetooth_le.o [1]
c1                      0x10002d02     0x1  Data  Gb  bluetooth.o [1]
cb_follow_le            0x00005601   0x1ba  Code  Gb  bluetooth_rxtx.o [1]
cb_le_promisc           0x00005dcd   0x326  Code  Gb  bluetooth_rxtx.o [1]
cc2400_get              0x00007339    0x3e  Code  Gb  ubertooth.o [1]
cc2400_get8             0x000073b1    0x3e  Code  Gb  ubertooth.o [1]
cc2400_idle             0x000048fd    0xba  Code  Lc  bluetooth_rxtx.o [1]
cc2400_rangetest        0x000086c1   0x258  Code  Gb  cc2400_rangetest.o [1]
cc2400_repeater         0x00008919   0x16e  Code  Gb  cc2400_rangetest.o [1]
cc2400_reset            0x000076a5   0x116  Code  Gb  ubertooth.o [1]
cc2400_rx               0x000049b9    0x98  Code  Lc  bluetooth_rxtx.o [1]
cc2400_rx_sync          0x00004a51    0xb0  Code  Lc  bluetooth_rxtx.o [1]
cc2400_set              0x00007377    0x3a  Code  Gb  ubertooth.o [1]
cc2400_set8             0x000073ef    0x3a  Code  Gb  ubertooth.o [1]
cc2400_spi              0x0000727b    0xbe  Code  Gb  ubertooth.o [1]
cc2400_spi_buf          0x00007429   0x20a  Code  Gb  ubertooth.o [1]
cc2400_status           0x00007633    0x3a  Code  Gb  ubertooth.o [1]
cc2400_strobe           0x0000766d    0x38  Code  Gb  ubertooth.o [1]
cc2400_txtest           0x00008a89    0x74  Code  Gb  cc2400_rangetest.o [1]
channel                 0x10000480     0x2  Data  Gb  bluetooth_rxtx.o [1]
clk100ns_offset         0x10002ea0     0x2  Data  Gb  ubertooth_clock.o [1]
clkn                    0x10002ea4     0x4  Data  Gb  ubertooth_clock.o [1]
clkn_init               0x0000814d    0x28  Code  Gb  ubertooth_clock.o [1]
clkn_offset             0x10002eac     0x4  Data  Gb  ubertooth_clock.o [1]
clkn_start              0x00008131     0x8  Code  Gb  ubertooth_clock.o [1]
clkn_stop               0x0000811d    0x14  Code  Gb  ubertooth_clock.o [1]
clock_start             0x000077bd   0x186  Code  Gb  ubertooth.o [1]
compile_info            0x0000470c    0x28  Data  Gb  bluetooth_rxtx.o [1]
connection_follow_cb    0x000057c1   0x194  Code  Gb  bluetooth_rxtx.o [1]
cs_no_squelch           0x10002ec4     0x1  Data  Gb  ubertooth_cs.o [1]
cs_reset                0x00007b05    0x28  Code  Gb  ubertooth_cs.o [1]
cs_threshold_calc_and_set
                        0x00007a75    0x54  Code  Gb  ubertooth_cs.o [1]
cs_threshold_cur        0x10002ec6     0x1  Data  Gb  ubertooth_cs.o [1]
cs_threshold_req        0x10002ec5     0x1  Data  Gb  ubertooth_cs.o [1]
cs_trigger              0x10002ec7     0x1  Data  Gb  ubertooth_cs.o [1]
cs_trigger_disable      0x00007ae7    0x1e  Code  Gb  ubertooth_cs.o [1]
cs_trigger_enable       0x00007ac9    0x1e  Code  Gb  ubertooth_cs.o [1]
d1                      0x10002d06     0x2  Data  Gb  bluetooth.o [1]
data_cb                 0x10000498     0x4  Data  Gb  bluetooth_rxtx.o [1]
dequeue                 0x00008015    0x24  Code  Gb  ubertooth_usb.o [1]
dio_ssp_init            0x0000722f    0x4c  Code  Gb  ubertooth.o [1]
dio_ssp_start           0x00008331    0x30  Code  Gb  ubertooth_dma.o [1]
dio_ssp_stop            0x00008361    0x78  Code  Gb  ubertooth_dma.o [1]
dma_discard             0x10000477     0x1  Data  Gb  bluetooth_rxtx.o [1]
dma_init                0x00008185    0xce  Code  Gb  ubertooth_dma.o [1]
dma_init_le             0x00008255    0xdc  Code  Gb  ubertooth_dma.o [1]
do_hop                  0x10000475     0x1  Data  Gb  bluetooth_rxtx.o [1]
e                       0x10002d03     0x1  Data  Gb  bluetooth.o [1]
ego_mode                0x1000047c     0x1  Data  Gb  bluetooth_rxtx.o [1]
exit                    0x0000997b     0x4  Code  Gb  exit.o [3]
fifo                    0x10000b6c  0x2000  Data  Gb  ubertooth_usb.o [1]
get_device_serial       0x000079a9    0x7a  Code  Gb  ubertooth.o [1]
get_part_num            0x00007971    0x38  Code  Gb  ubertooth.o [1]
gpio_init               0x0000714f    0x3a  Code  Gb  ubertooth.o [1]
handle_usb              0x00008039    0xac  Code  Gb  ubertooth_usb.o [1]
head                    0x10000b60     0x4  Data  Gb  ubertooth_usb.o [1]
high_freq               0x1000048e     0x2  Data  Gb  bluetooth_rxtx.o [1]
hop                     0x00004b0d   0x1b2  Code  Gb  bluetooth_rxtx.o [1]
hop_direct_channel      0x10000482     0x2  Data  Gb  bluetooth_rxtx.o [1]
hop_interval_lut        0x00005ac4    0x28  Data  Lc  bluetooth_rxtx.o [1]
hop_mode                0x10000474     0x1  Data  Gb  bluetooth_rxtx.o [1]
hop_timeout             0x10000484     0x2  Data  Gb  bluetooth_rxtx.o [1]
iLen                    0x10002cc4     0x4  Data  Lc  usbcontrol.o [1]
iResidue                0x10002cc0     0x4  Data  Lc  usbcontrol.o [1]
iap_entry               0x000099bc     0x4  Data  Gb  ubertooth.o [1]
idle_buf_channel        0x1000048a     0x2  Data  Gb  bluetooth_rxtx.o [1]
idle_buf_clk100ns       0x10000490     0x4  Data  Gb  bluetooth_rxtx.o [1]
idle_buf_clkn_high      0x10000476     0x1  Data  Gb  bluetooth_rxtx.o [1]
idle_rxbuf              0x10002c40     0x4  Data  Gb  ubertooth_dma.o [1]
jam_mode                0x1000047b     0x1  Data  Gb  bluetooth_rxtx.o [1]
last_hop                0x10002ea8     0x4  Data  Gb  ubertooth_clock.o [1]
last_usb_pkt            0x10000b68     0x4  Data  Gb  ubertooth_usb.o [1]
le                      0x10000428    0x44  Data  Gb  bluetooth_rxtx.o [1]
le_dma_lli              0x10002b6c    0xb0  Data  Gb  ubertooth_dma.o [1]
le_jam_count            0x10000494     0x4  Data  Gb  bluetooth_rxtx.o [1]
le_promisc              0x10000320   0x108  Data  Gb  bluetooth_rxtx.o [1]
led_specan              0x00006ca9   0x10a  Code  Gb  bluetooth_rxtx.o [1]
low_freq                0x1000048c     0x2  Data  Gb  bluetooth_rxtx.o [1]
main                    0x00006db5   0x20a  Code  Gb  bluetooth_rxtx.o [1]
mode                    0x10000479     0x1  Data  Gb  bluetooth_rxtx.o [1]
modulation              0x1000047d     0x1  Data  Gb  bluetooth_rxtx.o [1]
next_hop                0x00007e49    0xaa  Code  Gb  bluetooth.o [1]
out                     0x000094d7    0x18  Code  Lc  xprintftiny.o [3]
pabDescrip              0x10000ac0     0x4  Data  Lc  usbstdreq.o [1]
packet_cb               0x1000049c     0x4  Data  Gb  bluetooth_rxtx.o [1]
pbData                  0x10002cbc     0x4  Data  Lc  usbcontrol.o [1]
perm5                   0x00007d55    0xf4  Code  Lc  bluetooth.o [1]
pfnHandleCustomReq      0x10002ec8     0x4  Data  Lc  usbstdreq.o [1]
precalc                 0x00007c11   0x144  Code  Gb  bluetooth.o [1]
printf                  0x00008b09    0x24  Code  Gb  printf.o [3]
promisc_follow_cb       0x00005c09    0xf8  Code  Gb  bluetooth_rxtx.o [1]
promisc_recover_hop_increment
                        0x00005975   0x14c  Code  Gb  bluetooth_rxtx.o [1]
promisc_recover_hop_interval
                        0x00005aed   0x118  Code  Gb  bluetooth_rxtx.o [1]
putchar                 0x00009873    0x28  Code  Gb  putchar.o [3]
queue_init              0x00007fd9    0x12  Code  Gb  ubertooth_usb.o [1]
requested_channel       0x10000486     0x2  Data  Gb  bluetooth_rxtx.o [1]
requested_mode          0x1000047a     0x1  Data  Gb  bluetooth_rxtx.o [1]
reset                   0x00007943    0x2e  Code  Gb  ubertooth.o [1]
reset_le                0x00004e85    0x72  Code  Gb  bluetooth_rxtx.o [1]
rr                      0x10002eb0     0x8  Data  Gb  cc2400_rangetest.o [1]
rssi_add                0x00008429    0x30  Code  Gb  ubertooth_rssi.o [1]
rssi_count              0x10002ece     0x1  Data  Gb  ubertooth_cs.o [1]
rssi_get_avg            0x0000849f    0x2c  Code  Gb  ubertooth_rssi.o [1]
rssi_iir                0x10002db8    0xa0  Data  Gb  ubertooth_rssi.o [1]
rssi_iir_update         0x00008459    0x46  Code  Gb  ubertooth_rssi.o [1]
rssi_max                0x10002ecc     0x1  Data  Gb  ubertooth_cs.o [1]
rssi_min                0x10002ecd     0x1  Data  Gb  ubertooth_cs.o [1]
rssi_reset              0x00008405    0x24  Code  Gb  ubertooth_rssi.o [1]
rssi_sum                0x10002db4     0x4  Data  Gb  ubertooth_rssi.o [1]
rssi_threshold          0x1000047e     0x1  Data  Gb  bluetooth_rxtx.o [1]
rx_dma_lli1             0x10002c1c    0x10  Data  Gb  ubertooth_dma.o [1]
rx_dma_lli2             0x10002c2c    0x10  Data  Gb  ubertooth_dma.o [1]
rx_err                  0x10002c48     0x4  Data  Gb  ubertooth_dma.o [1]
rx_tc                   0x10002c44     0x4  Data  Gb  ubertooth_dma.o [1]
rxbuf1                  0x10002c4c    0x34  Data  Gb  ubertooth_dma.o [1]
rxbuf2                  0x10002c80    0x34  Data  Gb  ubertooth_dma.o [1]
saved_request           0x10000488     0x2  Data  Gb  bluetooth_rxtx.o [1]
see_aa                  0x00005d11    0xaa  Code  Gb  bluetooth_rxtx.o [1]
set_isp                 0x00007a23    0x14  Code  Gb  ubertooth.o [1]
set_serial_descriptor   0x00007f4d    0x50  Code  Gb  ubertooth_usb.o [1]
slave_mac_address       0x1000046c     0x8  Data  Gb  bluetooth_rxtx.o [1]
specan                  0x00006b81   0x128  Code  Gb  bluetooth_rxtx.o [1]
status                  0x10000478     0x1  Data  Gb  bluetooth_rxtx.o [1]
strlen                  0x00007b3d          Code  Gb  strlen.o [4]
syncword                0x10002cf8     0x8  Data  Gb  bluetooth.o [1]
tail                    0x10000b64     0x4  Data  Gb  ubertooth_usb.o [1]
target                  0x10002ce8    0x10  Data  Gb  bluetooth.o [1]
ubertooth_init          0x000071cd    0x62  Code  Gb  ubertooth.o [1]
ubertooth_usb_init      0x00007f9d    0x3c  Code  Gb  ubertooth_usb.o [1]
unpacked                0x10000000   0x320  Data  Gb  bluetooth_rxtx.o [1]
usb_enqueue             0x00007feb    0x2a  Code  Gb  ubertooth_usb.o [1]
usb_vendor_request_handler
                        0x00007f25    0x28  Code  Gb  ubertooth_usb.o [1]
used_channels           0x10002d05     0x1  Data  Gb  bluetooth.o [1]
v_req_handler           0x100008ac     0x4  Data  Gb  ubertooth_usb.o [1]
vendor_request_handler  0x00004001   0x70a  Code  Lc  bluetooth_rxtx.o [1]
wait                    0x000070fd    0x2c  Code  Gb  ubertooth.o [1]
wait_us                 0x00007129    0x26  Code  Gb  ubertooth.o [1]
wait_us_counter         0x10002ec0     0x4  Data  Lc  ubertooth.o [1]
whitening               0x00007054    0x80  Data  Lc  bluetooth_rxtx.o [1]
whitening_index         0x000070d4    0x28  Data  Lc  bluetooth_rxtx.o [1]
whitening_word          0x00006184   0x780  Data  Lc  bluetooth_rxtx.o [1]


[1] = E:\NUS\Projects\Ubertooth One\Software\IAR-Ubertooth\Debug\Obj
[2] = command line
[3] = dl7M_tln.a
[4] = rt7M_tl.a
[5] = shb_l.a

  23 140 bytes of readonly  code memory
   1 522 bytes of readonly  data memory
  30 415 bytes of readwrite data memory (+ 4 absolute)

Errors: none
Warnings: none
